I'm sorry, but errors were detected in your script. Please correct the
errors listed below, and try again.


File "game/options.rpy", line 63: Line is indented, but the preceding define statement statement does not expect a block. Please check this line's indentation.
    define config.main_menu_music = "music/acoustic.mp3"
    ^

Ren'Py Version: Ren'Py 6.99.12.1.2012
